// Jest Snapshot v1, https://goo.gl/fbAQLP

exports[`<Home /> renders() Home component spanshot 1`] = `
<ContextConsumer>
  <Component />
</ContextConsumer>
`;
